AR countersec behavioral C:/SPB_Data/version-control/XilinxProjects/Light/Counter.vhd sub00/vhpl07 1443206176
AR compare behavioral C:/SPB_Data/version-control/XilinxProjects/Light/Compare.vhd sub00/vhpl05 1443206178
EN countersec NULL C:/SPB_Data/version-control/XilinxProjects/Light/Counter.vhd sub00/vhpl06 1443206175
AR counter behavioral C:/SPB_Data/version-control/XilinxProjects/Light/Counter.vhd sub00/vhpl01 1443200308
EN counter NULL C:/SPB_Data/version-control/XilinxProjects/Light/Counter.vhd sub00/vhpl00 1443200307
EN compare NULL C:/SPB_Data/version-control/XilinxProjects/Light/Compare.vhd sub00/vhpl04 1443206177
EN countermin NULL C:/SPB_Data/version-control/XilinxProjects/Light/CounterMin.vhd sub00/vhpl08 1443206179
AR countermin behavioral C:/SPB_Data/version-control/XilinxProjects/Light/CounterMin.vhd sub00/vhpl09 1443206180
AR semaforo behavioral C:/SPB_Data/version-control/XilinxProjects/Light/Semaforo.vhd sub00/vhpl03 1443206182
EN semaforo NULL C:/SPB_Data/version-control/XilinxProjects/Light/Semaforo.vhd sub00/vhpl02 1443206181
