V3 15
FL C:/SPB_Data/version-control/XilinxProjects/Light/Compare.vhd 2015/09/25.11:56:05 P.20131013
EN work/Compare 1443206177 \
      FL C:/SPB_Data/version-control/XilinxProjects/Light/Compare.vhd \
      PB ieee/std_logic_1164 1381692176
AR work/Compare/Behavioral 1443206178 \
      FL C:/SPB_Data/version-control/XilinxProjects/Light/Compare.vhd \
      EN work/Compare 1443206177
FL C:/SPB_Data/version-control/XilinxProjects/Light/Counter.vhd 2015/09/25.12:17:30 P.20131013
EN work/CounterSec 1443206175 \
      FL C:/SPB_Data/version-control/XilinxProjects/Light/Counter.vhd \
      PB ieee/std_logic_1164 1381692176 PB ieee/STD_LOGIC_UNSIGNED 1381692179
AR work/CounterSec/Behavioral 1443206176 \
      FL C:/SPB_Data/version-control/XilinxProjects/Light/Counter.vhd \
      EN work/CounterSec 1443206175
FL C:/SPB_Data/version-control/XilinxProjects/Light/CounterMin.vhd 2015/09/25.13:36:06 P.20131013
EN work/CounterMin 1443206179 \
      FL C:/SPB_Data/version-control/XilinxProjects/Light/CounterMin.vhd \
      PB ieee/std_logic_1164 1381692176 PB ieee/STD_LOGIC_UNSIGNED 1381692179
AR work/CounterMin/Behavioral 1443206180 \
      FL C:/SPB_Data/version-control/XilinxProjects/Light/CounterMin.vhd \
      EN work/CounterMin 1443206179
FL C:/SPB_Data/version-control/XilinxProjects/Light/Semaforo.vhd 2015/09/25.13:15:35 P.20131013
EN work/Semaforo 1443206181 \
      FL C:/SPB_Data/version-control/XilinxProjects/Light/Semaforo.vhd \
      PB ieee/std_logic_1164 1381692176
AR work/Semaforo/Behavioral 1443206182 \
      FL C:/SPB_Data/version-control/XilinxProjects/Light/Semaforo.vhd \
      EN work/Semaforo 1443206181 CP CounterSec CP Compare CP CounterMin
