V3 15
FL C:/SPB_Data/version-control/XilinxProjects/Light/Compare.vhd 2015/09/25.11:56:05 P.20131013
EN work/Compare 1443204981 \
      FL C:/SPB_Data/version-control/XilinxProjects/Light/Compare.vhd \
      PB ieee/std_logic_1164 1381692176
AR work/Compare/Behavioral 1443204982 \
      FL C:/SPB_Data/version-control/XilinxProjects/Light/Compare.vhd \
      EN work/Compare 1443204981
FL C:/SPB_Data/version-control/XilinxProjects/Light/Counter.vhd 2015/09/25.12:17:30 P.20131013
EN work/CounterSec 1443204979 \
      FL C:/SPB_Data/version-control/XilinxProjects/Light/Counter.vhd \
      PB ieee/std_logic_1164 1381692176 PB ieee/STD_LOGIC_UNSIGNED 1381692179
AR work/CounterSec/Behavioral 1443204980 \
      FL C:/SPB_Data/version-control/XilinxProjects/Light/Counter.vhd \
      EN work/CounterSec 1443204979
FL C:/SPB_Data/version-control/XilinxProjects/Light/CounterMin.vhd 2015/09/25.13:14:09 P.20131013
EN work/CounterMin 1443204983 \
      FL C:/SPB_Data/version-control/XilinxProjects/Light/CounterMin.vhd \
      PB ieee/std_logic_1164 1381692176 PB ieee/STD_LOGIC_UNSIGNED 1381692179
AR work/CounterMin/Behavioral 1443204984 \
      FL C:/SPB_Data/version-control/XilinxProjects/Light/CounterMin.vhd \
      EN work/CounterMin 1443204983
FL C:/SPB_Data/version-control/XilinxProjects/Light/Semaforo.vhd 2015/09/25.13:15:35 P.20131013
EN work/Semaforo 1443204985 \
      FL C:/SPB_Data/version-control/XilinxProjects/Light/Semaforo.vhd \
      PB ieee/std_logic_1164 1381692176
AR work/Semaforo/Behavioral 1443204986 \
      FL C:/SPB_Data/version-control/XilinxProjects/Light/Semaforo.vhd \
      EN work/Semaforo 1443204985 CP CounterSec CP Compare CP CounterMin
